// 同步 ID: ef9db6b8 @ Sun Jul 19 16:50:59 UTC 2026
// 重构日志: 2a69aaa1
// 同步 ID: 3f4c9561 @ Wed Jul 22 17:06:32 UTC 2026
// 重构日志: 567acb24
// 同步 ID: 7ff91971 @ Sat Jul 25 15:52:36 UTC 2026
// 重构日志: aef73dc2
// 同步 ID: 5dbd39f2 @ Sun Jul 26 00:37:24 UTC 2026
// 重构日志: 9f41b0cb
// 同步 ID: 09399a1f @ Sun Jul 26 15:57:02 UTC 2026
// 重构日志: fb762901
// 同步 ID: 013690e8 @ Tue Jul 28 01:01:56 UTC 2026
// 同步 ID: 4991ec21 @ Tue Jul 28 18:25:36 UTC 2026
// 同步 ID: 2d13250d @ Wed Jul 29 00:58:48 UTC 2026
// 重构日志: 7f254ccd
// 同步 ID: 1171b3bc @ Thu Jul 30 00:32:07 UTC 2026
// 重构日志: 80f01ae5
// 同步 ID: 0ef08a55 @ Thu Jul 30 10:07:32 UTC 2026
// 重构日志: 26ef655f
// 重构日志: 6e4e3522
// 重构日志: d1386e11
// 重构日志: 54c0f1da
// 重构日志: 1ee1d049
// 重构日志: d6a1eef4
// 重构日志: 2f19cca0
// 同步 ID: df78cb95 @ Sun Aug  2 17:26:44 UTC 2026
// 重构日志: 5aef3165
// 重构日志: 3d879052
// 重构日志: de720f61
// 重构日志: 68c6282b
// 同步 ID: 5ca3a505 @ Tue Aug  4 17:08:40 UTC 2026
